ARM GAS  /var/folders/x0/qrp3r5317y18246dwl6ly7b40000gn/T//ccaL3opp.s 			page 1


   1              		.cpu cortex-m0
   2              		.arch armv6s-m
   3              		.fpu softvfp
   4              		.eabi_attribute 20, 1
   5              		.eabi_attribute 21, 1
   6              		.eabi_attribute 23, 3
   7              		.eabi_attribute 24, 1
   8              		.eabi_attribute 25, 1
   9              		.eabi_attribute 26, 1
  10              		.eabi_attribute 30, 1
  11              		.eabi_attribute 34, 0
  12              		.eabi_attribute 18, 4
  13              		.file	"main.c"
  14              		.text
  15              	.Ltext0:
  16              		.cfi_sections	.debug_frame
  17              		.file 1 "Core/Src/main.c"
  18              		.section	.text.MX_GPIO_Init,"ax",%progbits
  19              		.align	1
  20              		.syntax unified
  21              		.code	16
  22              		.thumb_func
  24              	MX_GPIO_Init:
  25              	.LFB42:
   1:Core/Src/main.c **** /* USER CODE BEGIN Header */
   2:Core/Src/main.c **** /**
   3:Core/Src/main.c ****   ******************************************************************************
   4:Core/Src/main.c ****   * @file           : main.c
   5:Core/Src/main.c ****   * @brief          : Main program body
   6:Core/Src/main.c ****   ******************************************************************************
   7:Core/Src/main.c ****   * @attention
   8:Core/Src/main.c ****   *
   9:Core/Src/main.c ****   * Copyright (c) 2025 STMicroelectronics.
  10:Core/Src/main.c ****   * All rights reserved.
  11:Core/Src/main.c ****   *
  12:Core/Src/main.c ****   * This software is licensed under terms that can be found in the LICENSE file
  13:Core/Src/main.c ****   * in the root directory of this software component.
  14:Core/Src/main.c ****   * If no LICENSE file comes with this software, it is provided AS-IS.
  15:Core/Src/main.c ****   *
  16:Core/Src/main.c ****   ******************************************************************************
  17:Core/Src/main.c ****   */
  18:Core/Src/main.c **** /* USER CODE END Header */
  19:Core/Src/main.c **** /* Includes ------------------------------------------------------------------*/
  20:Core/Src/main.c **** #include "main.h"
  21:Core/Src/main.c **** 
  22:Core/Src/main.c **** /* Private includes ----------------------------------------------------------*/
  23:Core/Src/main.c **** /* USER CODE BEGIN Includes */
  24:Core/Src/main.c **** 
  25:Core/Src/main.c **** /* USER CODE END Includes */
  26:Core/Src/main.c **** 
  27:Core/Src/main.c **** /* Private typedef -----------------------------------------------------------*/
  28:Core/Src/main.c **** /* USER CODE BEGIN PTD */
  29:Core/Src/main.c **** 
  30:Core/Src/main.c **** /* USER CODE END PTD */
  31:Core/Src/main.c **** 
  32:Core/Src/main.c **** /* Private define ------------------------------------------------------------*/
  33:Core/Src/main.c **** /* USER CODE BEGIN PD */
ARM GAS  /var/folders/x0/qrp3r5317y18246dwl6ly7b40000gn/T//ccaL3opp.s 			page 2


  34:Core/Src/main.c **** 
  35:Core/Src/main.c **** /* USER CODE END PD */
  36:Core/Src/main.c **** 
  37:Core/Src/main.c **** /* Private macro -------------------------------------------------------------*/
  38:Core/Src/main.c **** /* USER CODE BEGIN PM */
  39:Core/Src/main.c **** 
  40:Core/Src/main.c **** /* USER CODE END PM */
  41:Core/Src/main.c **** 
  42:Core/Src/main.c **** /* Private variables ---------------------------------------------------------*/
  43:Core/Src/main.c **** 
  44:Core/Src/main.c **** /* USER CODE BEGIN PV */
  45:Core/Src/main.c **** //TODO: Define variables you think you might need
  46:Core/Src/main.c **** // - Performance timing variables (e.g execution time, throughput, pixels per second, clock cycles)
  47:Core/Src/main.c **** 
  48:Core/Src/main.c **** /* USER CODE END PV */
  49:Core/Src/main.c **** 
  50:Core/Src/main.c **** /* Private function prototypes -----------------------------------------------*/
  51:Core/Src/main.c **** void SystemClock_Config(void);
  52:Core/Src/main.c **** static void MX_GPIO_Init(void);
  53:Core/Src/main.c **** /* USER CODE BEGIN PFP */
  54:Core/Src/main.c **** //TODO: Define any function prototypes you might need such as the calculate Mandelbrot function amo
  55:Core/Src/main.c **** 
  56:Core/Src/main.c **** /* USER CODE END PFP */
  57:Core/Src/main.c **** 
  58:Core/Src/main.c **** /* Private user code ---------------------------------------------------------*/
  59:Core/Src/main.c **** /* USER CODE BEGIN 0 */
  60:Core/Src/main.c **** 
  61:Core/Src/main.c **** /* USER CODE END 0 */
  62:Core/Src/main.c **** 
  63:Core/Src/main.c **** /**
  64:Core/Src/main.c ****   * @brief  The application entry point.
  65:Core/Src/main.c ****   * @retval int
  66:Core/Src/main.c ****   */
  67:Core/Src/main.c **** int main(void)
  68:Core/Src/main.c **** {
  69:Core/Src/main.c **** 
  70:Core/Src/main.c ****   /* USER CODE BEGIN 1 */
  71:Core/Src/main.c **** 
  72:Core/Src/main.c ****   /* USER CODE END 1 */
  73:Core/Src/main.c **** 
  74:Core/Src/main.c ****   /* MCU Configuration--------------------------------------------------------*/
  75:Core/Src/main.c **** 
  76:Core/Src/main.c ****   /* Reset of all peripherals, Initializes the Flash interface and the Systick. */
  77:Core/Src/main.c ****   HAL_Init();
  78:Core/Src/main.c **** 
  79:Core/Src/main.c ****   /* USER CODE BEGIN Init */
  80:Core/Src/main.c **** 
  81:Core/Src/main.c ****   /* USER CODE END Init */
  82:Core/Src/main.c **** 
  83:Core/Src/main.c ****   /* Configure the system clock */
  84:Core/Src/main.c ****   SystemClock_Config();
  85:Core/Src/main.c **** 
  86:Core/Src/main.c ****   /* USER CODE BEGIN SysInit */
  87:Core/Src/main.c **** 
  88:Core/Src/main.c ****   /* USER CODE END SysInit */
  89:Core/Src/main.c **** 
  90:Core/Src/main.c ****   /* Initialize all configured peripherals */
ARM GAS  /var/folders/x0/qrp3r5317y18246dwl6ly7b40000gn/T//ccaL3opp.s 			page 3


  91:Core/Src/main.c ****   MX_GPIO_Init();
  92:Core/Src/main.c ****   /* USER CODE BEGIN 2 */
  93:Core/Src/main.c **** 
  94:Core/Src/main.c ****   /* USER CODE END 2 */
  95:Core/Src/main.c **** 
  96:Core/Src/main.c ****   /* Infinite loop */
  97:Core/Src/main.c ****   /* USER CODE BEGIN WHILE */
  98:Core/Src/main.c **** 
  99:Core/Src/main.c ****     /* USER CODE END WHILE */
 100:Core/Src/main.c **** 
 101:Core/Src/main.c ****     /* USER CODE BEGIN 3 */
 102:Core/Src/main.c **** 	  //TODO: Visual indicator: Turn on LED0 to signal processing start
 103:Core/Src/main.c **** 
 104:Core/Src/main.c **** 
 105:Core/Src/main.c ****   	  while(HAL_GPIO_ReadPin(GPIOA, GPIO_PIN_0) == GPIO_PIN_RESET);
 106:Core/Src/main.c **** 
 107:Core/Src/main.c **** 
 108:Core/Src/main.c **** 	   GPIOB->ODR |= (1 << 0);
 109:Core/Src/main.c **** 
 110:Core/Src/main.c **** 	  //TODO: Benchmark and Profile Performance
 111:Core/Src/main.c **** 
 112:Core/Src/main.c **** 
 113:Core/Src/main.c **** 	  //TODO: Visual indicator: Turn on LED1 to signal processing start
 114:Core/Src/main.c **** 
 115:Core/Src/main.c **** 
 116:Core/Src/main.c **** 	  //TODO: Keep the LEDs ON for 2s
 117:Core/Src/main.c **** 
 118:Core/Src/main.c **** 	  // TODO: Turn OFF LEDs
 119:Core/Src/main.c **** 
 120:Core/Src/main.c **** 
 121:Core/Src/main.c **** 
 122:Core/Src/main.c **** 
 123:Core/Src/main.c ****   /* USER CODE END 3 */
 124:Core/Src/main.c **** }
 125:Core/Src/main.c **** 
 126:Core/Src/main.c **** /**
 127:Core/Src/main.c ****   * @brief System Clock Configuration
 128:Core/Src/main.c ****   * @retval None
 129:Core/Src/main.c ****   */
 130:Core/Src/main.c **** void SystemClock_Config(void)
 131:Core/Src/main.c **** {
 132:Core/Src/main.c ****   RCC_OscInitTypeDef RCC_OscInitStruct = {0};
 133:Core/Src/main.c ****   RCC_ClkInitTypeDef RCC_ClkInitStruct = {0};
 134:Core/Src/main.c **** 
 135:Core/Src/main.c ****   /** Initializes the RCC Oscillators according to the specified parameters
 136:Core/Src/main.c ****   * in the RCC_OscInitTypeDef structure.
 137:Core/Src/main.c ****   */
 138:Core/Src/main.c ****   RCC_OscInitStruct.OscillatorType = RCC_OSCILLATORTYPE_HSI;
 139:Core/Src/main.c ****   RCC_OscInitStruct.HSIState = RCC_HSI_ON;
 140:Core/Src/main.c ****   RCC_OscInitStruct.HSICalibrationValue = RCC_HSICALIBRATION_DEFAULT;
 141:Core/Src/main.c ****   RCC_OscInitStruct.PLL.PLLState = RCC_PLL_ON;
 142:Core/Src/main.c ****   RCC_OscInitStruct.PLL.PLLSource = RCC_PLLSOURCE_HSI;
 143:Core/Src/main.c ****   RCC_OscInitStruct.PLL.PLLMUL = RCC_PLL_MUL12;
 144:Core/Src/main.c ****   RCC_OscInitStruct.PLL.PREDIV = RCC_PREDIV_DIV1;
 145:Core/Src/main.c ****   if (HAL_RCC_OscConfig(&RCC_OscInitStruct) != HAL_OK)
 146:Core/Src/main.c ****   {
 147:Core/Src/main.c ****     Error_Handler();
ARM GAS  /var/folders/x0/qrp3r5317y18246dwl6ly7b40000gn/T//ccaL3opp.s 			page 4


 148:Core/Src/main.c ****   }
 149:Core/Src/main.c **** 
 150:Core/Src/main.c ****   /** Initializes the CPU, AHB and APB buses clocks
 151:Core/Src/main.c ****   */
 152:Core/Src/main.c ****   RCC_ClkInitStruct.ClockType = RCC_CLOCKTYPE_HCLK|RCC_CLOCKTYPE_SYSCLK
 153:Core/Src/main.c ****                               |RCC_CLOCKTYPE_PCLK1;
 154:Core/Src/main.c ****   RCC_ClkInitStruct.SYSCLKSource = RCC_SYSCLKSOURCE_PLLCLK;
 155:Core/Src/main.c ****   RCC_ClkInitStruct.AHBCLKDivider = RCC_SYSCLK_DIV1;
 156:Core/Src/main.c ****   RCC_ClkInitStruct.APB1CLKDivider = RCC_HCLK_DIV1;
 157:Core/Src/main.c **** 
 158:Core/Src/main.c ****   if (HAL_RCC_ClockConfig(&RCC_ClkInitStruct, FLASH_LATENCY_1) != HAL_OK)
 159:Core/Src/main.c ****   {
 160:Core/Src/main.c ****     Error_Handler();
 161:Core/Src/main.c ****   }
 162:Core/Src/main.c **** }
 163:Core/Src/main.c **** 
 164:Core/Src/main.c **** /**
 165:Core/Src/main.c ****   * @brief GPIO Initialization Function
 166:Core/Src/main.c ****   * @param None
 167:Core/Src/main.c ****   * @retval None
 168:Core/Src/main.c ****   */
 169:Core/Src/main.c **** static void MX_GPIO_Init(void)
 170:Core/Src/main.c **** {
  26              		.loc 1 170 1 view -0
  27              		.cfi_startproc
  28              		@ args = 0, pretend = 0, frame = 32
  29              		@ frame_needed = 0, uses_anonymous_args = 0
  30 0000 10B5     		push	{r4, lr}
  31              	.LCFI0:
  32              		.cfi_def_cfa_offset 8
  33              		.cfi_offset 4, -8
  34              		.cfi_offset 14, -4
  35 0002 88B0     		sub	sp, sp, #32
  36              	.LCFI1:
  37              		.cfi_def_cfa_offset 40
 171:Core/Src/main.c ****   GPIO_InitTypeDef GPIO_InitStruct = {0};
  38              		.loc 1 171 3 view .LVU1
  39              		.loc 1 171 20 is_stmt 0 view .LVU2
  40 0004 1422     		movs	r2, #20
  41 0006 0021     		movs	r1, #0
  42 0008 03A8     		add	r0, sp, #12
  43 000a FFF7FEFF 		bl	memset
  44              	.LVL0:
 172:Core/Src/main.c ****   /* USER CODE BEGIN MX_GPIO_Init_1 */
 173:Core/Src/main.c **** 
 174:Core/Src/main.c ****   /* USER CODE END MX_GPIO_Init_1 */
 175:Core/Src/main.c **** 
 176:Core/Src/main.c ****   /* GPIO Ports Clock Enable */
 177:Core/Src/main.c ****   __HAL_RCC_GPIOF_CLK_ENABLE();
  45              		.loc 1 177 3 is_stmt 1 view .LVU3
  46              	.LBB4:
  47              		.loc 1 177 3 view .LVU4
  48              		.loc 1 177 3 view .LVU5
  49 000e 174B     		ldr	r3, .L2
  50 0010 5A69     		ldr	r2, [r3, #20]
  51 0012 8021     		movs	r1, #128
  52 0014 C903     		lsls	r1, r1, #15
ARM GAS  /var/folders/x0/qrp3r5317y18246dwl6ly7b40000gn/T//ccaL3opp.s 			page 5


  53 0016 0A43     		orrs	r2, r1
  54 0018 5A61     		str	r2, [r3, #20]
  55              		.loc 1 177 3 view .LVU6
  56 001a 5A69     		ldr	r2, [r3, #20]
  57 001c 0A40     		ands	r2, r1
  58 001e 0092     		str	r2, [sp]
  59              		.loc 1 177 3 view .LVU7
  60 0020 009A     		ldr	r2, [sp]
  61              	.LBE4:
  62              		.loc 1 177 3 view .LVU8
 178:Core/Src/main.c ****   __HAL_RCC_GPIOB_CLK_ENABLE();
  63              		.loc 1 178 3 view .LVU9
  64              	.LBB5:
  65              		.loc 1 178 3 view .LVU10
  66              		.loc 1 178 3 view .LVU11
  67 0022 5A69     		ldr	r2, [r3, #20]
  68 0024 8021     		movs	r1, #128
  69 0026 C902     		lsls	r1, r1, #11
  70 0028 0A43     		orrs	r2, r1
  71 002a 5A61     		str	r2, [r3, #20]
  72              		.loc 1 178 3 view .LVU12
  73 002c 5A69     		ldr	r2, [r3, #20]
  74 002e 0A40     		ands	r2, r1
  75 0030 0192     		str	r2, [sp, #4]
  76              		.loc 1 178 3 view .LVU13
  77 0032 019A     		ldr	r2, [sp, #4]
  78              	.LBE5:
  79              		.loc 1 178 3 view .LVU14
 179:Core/Src/main.c ****   __HAL_RCC_GPIOA_CLK_ENABLE();
  80              		.loc 1 179 3 view .LVU15
  81              	.LBB6:
  82              		.loc 1 179 3 view .LVU16
  83              		.loc 1 179 3 view .LVU17
  84 0034 5A69     		ldr	r2, [r3, #20]
  85 0036 8021     		movs	r1, #128
  86 0038 8902     		lsls	r1, r1, #10
  87 003a 0A43     		orrs	r2, r1
  88 003c 5A61     		str	r2, [r3, #20]
  89              		.loc 1 179 3 view .LVU18
  90 003e 5B69     		ldr	r3, [r3, #20]
  91 0040 0B40     		ands	r3, r1
  92 0042 0293     		str	r3, [sp, #8]
  93              		.loc 1 179 3 view .LVU19
  94 0044 029B     		ldr	r3, [sp, #8]
  95              	.LBE6:
  96              		.loc 1 179 3 view .LVU20
 180:Core/Src/main.c **** 
 181:Core/Src/main.c ****   /*Configure GPIO pin Output Level */
 182:Core/Src/main.c ****   HAL_GPIO_WritePin(GPIOB, GPIO_PIN_0|GPIO_PIN_1|GPIO_PIN_2|GPIO_PIN_3
  97              		.loc 1 182 3 view .LVU21
  98 0046 0A4C     		ldr	r4, .L2+4
  99 0048 0022     		movs	r2, #0
 100 004a FF21     		movs	r1, #255
 101 004c 2000     		movs	r0, r4
 102 004e FFF7FEFF 		bl	HAL_GPIO_WritePin
 103              	.LVL1:
 183:Core/Src/main.c ****                           |GPIO_PIN_4|GPIO_PIN_5|GPIO_PIN_6|GPIO_PIN_7, GPIO_PIN_RESET);
ARM GAS  /var/folders/x0/qrp3r5317y18246dwl6ly7b40000gn/T//ccaL3opp.s 			page 6


 184:Core/Src/main.c **** 
 185:Core/Src/main.c ****   /*Configure GPIO pins : PB0 PB1 PB2 PB3
 186:Core/Src/main.c ****                            PB4 PB5 PB6 PB7 */
 187:Core/Src/main.c ****   GPIO_InitStruct.Pin = GPIO_PIN_0|GPIO_PIN_1|GPIO_PIN_2|GPIO_PIN_3
 104              		.loc 1 187 3 view .LVU22
 105              		.loc 1 187 23 is_stmt 0 view .LVU23
 106 0052 FF23     		movs	r3, #255
 107 0054 0393     		str	r3, [sp, #12]
 188:Core/Src/main.c ****                           |GPIO_PIN_4|GPIO_PIN_5|GPIO_PIN_6|GPIO_PIN_7;
 189:Core/Src/main.c ****   GPIO_InitStruct.Mode = GPIO_MODE_OUTPUT_PP;
 108              		.loc 1 189 3 is_stmt 1 view .LVU24
 109              		.loc 1 189 24 is_stmt 0 view .LVU25
 110 0056 FE3B     		subs	r3, r3, #254
 111 0058 0493     		str	r3, [sp, #16]
 190:Core/Src/main.c ****   GPIO_InitStruct.Pull = GPIO_NOPULL;
 112              		.loc 1 190 3 is_stmt 1 view .LVU26
 113              		.loc 1 190 24 is_stmt 0 view .LVU27
 114 005a 0023     		movs	r3, #0
 115 005c 0593     		str	r3, [sp, #20]
 191:Core/Src/main.c ****   GPIO_InitStruct.Speed = GPIO_SPEED_FREQ_LOW;
 116              		.loc 1 191 3 is_stmt 1 view .LVU28
 117              		.loc 1 191 25 is_stmt 0 view .LVU29
 118 005e 0693     		str	r3, [sp, #24]
 192:Core/Src/main.c ****   HAL_GPIO_Init(GPIOB, &GPIO_InitStruct);
 119              		.loc 1 192 3 is_stmt 1 view .LVU30
 120 0060 03A9     		add	r1, sp, #12
 121 0062 2000     		movs	r0, r4
 122 0064 FFF7FEFF 		bl	HAL_GPIO_Init
 123              	.LVL2:
 193:Core/Src/main.c **** 
 194:Core/Src/main.c ****   /* USER CODE BEGIN MX_GPIO_Init_2 */
 195:Core/Src/main.c **** 
 196:Core/Src/main.c ****   /* USER CODE END MX_GPIO_Init_2 */
 197:Core/Src/main.c **** }
 124              		.loc 1 197 1 is_stmt 0 view .LVU31
 125 0068 08B0     		add	sp, sp, #32
 126              		@ sp needed
 127 006a 10BD     		pop	{r4, pc}
 128              	.L3:
 129              		.align	2
 130              	.L2:
 131 006c 00100240 		.word	1073876992
 132 0070 00040048 		.word	1207960576
 133              		.cfi_endproc
 134              	.LFE42:
 136              		.section	.text.Error_Handler,"ax",%progbits
 137              		.align	1
 138              		.global	Error_Handler
 139              		.syntax unified
 140              		.code	16
 141              		.thumb_func
 143              	Error_Handler:
 144              	.LFB43:
 198:Core/Src/main.c **** 
 199:Core/Src/main.c **** /* USER CODE BEGIN 4 */
 200:Core/Src/main.c **** //TODO: Function signatures you defined previously , implement them here
 201:Core/Src/main.c **** 
ARM GAS  /var/folders/x0/qrp3r5317y18246dwl6ly7b40000gn/T//ccaL3opp.s 			page 7


 202:Core/Src/main.c **** /* USER CODE END 4 */
 203:Core/Src/main.c **** 
 204:Core/Src/main.c **** /**
 205:Core/Src/main.c ****   * @brief  This function is executed in case of error occurrence.
 206:Core/Src/main.c ****   * @retval None
 207:Core/Src/main.c ****   */
 208:Core/Src/main.c **** void Error_Handler(void)
 209:Core/Src/main.c **** {
 145              		.loc 1 209 1 is_stmt 1 view -0
 146              		.cfi_startproc
 147              		@ Volatile: function does not return.
 148              		@ args = 0, pretend = 0, frame = 0
 149              		@ frame_needed = 0, uses_anonymous_args = 0
 150              		@ link register save eliminated.
 210:Core/Src/main.c ****   /* USER CODE BEGIN Error_Handler_Debug */
 211:Core/Src/main.c ****   /* User can add his own implementation to report the HAL error return state */
 212:Core/Src/main.c ****   __disable_irq();
 151              		.loc 1 212 3 view .LVU33
 152              	.LBB7:
 153              	.LBI7:
 154              		.file 2 "Drivers/CMSIS/Include/cmsis_gcc.h"
   1:Drivers/CMSIS/Include/cmsis_gcc.h **** /**************************************************************************//**
   2:Drivers/CMSIS/Include/cmsis_gcc.h ****  * @file     cmsis_gcc.h
   3:Drivers/CMSIS/Include/cmsis_gcc.h ****  * @brief    CMSIS compiler GCC header file
   4:Drivers/CMSIS/Include/cmsis_gcc.h ****  * @version  V5.0.4
   5:Drivers/CMSIS/Include/cmsis_gcc.h ****  * @date     09. April 2018
   6:Drivers/CMSIS/Include/cmsis_gcc.h ****  ******************************************************************************/
   7:Drivers/CMSIS/Include/cmsis_gcc.h **** /*
   8:Drivers/CMSIS/Include/cmsis_gcc.h ****  * Copyright (c) 2009-2018 Arm Limited. All rights reserved.
   9:Drivers/CMSIS/Include/cmsis_gcc.h ****  *
  10:Drivers/CMSIS/Include/cmsis_gcc.h ****  * SPDX-License-Identifier: Apache-2.0
  11:Drivers/CMSIS/Include/cmsis_gcc.h ****  *
  12:Drivers/CMSIS/Include/cmsis_gcc.h ****  * Licensed under the Apache License, Version 2.0 (the License); you may
  13:Drivers/CMSIS/Include/cmsis_gcc.h ****  * not use this file except in compliance with the License.
  14:Drivers/CMSIS/Include/cmsis_gcc.h ****  * You may obtain a copy of the License at
  15:Drivers/CMSIS/Include/cmsis_gcc.h ****  *
  16:Drivers/CMSIS/Include/cmsis_gcc.h ****  * www.apache.org/licenses/LICENSE-2.0
  17:Drivers/CMSIS/Include/cmsis_gcc.h ****  *
  18:Drivers/CMSIS/Include/cmsis_gcc.h ****  * Unless required by applicable law or agreed to in writing, software
  19:Drivers/CMSIS/Include/cmsis_gcc.h ****  * distributed under the License is distributed on an AS IS BASIS, WITHOUT
  20:Drivers/CMSIS/Include/cmsis_gcc.h ****  * WARRANTIES OR CONDITIONS OF ANY KIND, either express or implied.
  21:Drivers/CMSIS/Include/cmsis_gcc.h ****  * See the License for the specific language governing permissions and
  22:Drivers/CMSIS/Include/cmsis_gcc.h ****  * limitations under the License.
  23:Drivers/CMSIS/Include/cmsis_gcc.h ****  */
  24:Drivers/CMSIS/Include/cmsis_gcc.h **** 
  25:Drivers/CMSIS/Include/cmsis_gcc.h **** #ifndef __CMSIS_GCC_H
  26:Drivers/CMSIS/Include/cmsis_gcc.h **** #define __CMSIS_GCC_H
  27:Drivers/CMSIS/Include/cmsis_gcc.h **** 
  28:Drivers/CMSIS/Include/cmsis_gcc.h **** /* ignore some GCC warnings */
  29:Drivers/CMSIS/Include/cmsis_gcc.h **** #pragma GCC diagnostic push
  30:Drivers/CMSIS/Include/cmsis_gcc.h **** #pragma GCC diagnostic ignored "-Wsign-conversion"
  31:Drivers/CMSIS/Include/cmsis_gcc.h **** #pragma GCC diagnostic ignored "-Wconversion"
  32:Drivers/CMSIS/Include/cmsis_gcc.h **** #pragma GCC diagnostic ignored "-Wunused-parameter"
  33:Drivers/CMSIS/Include/cmsis_gcc.h **** 
  34:Drivers/CMSIS/Include/cmsis_gcc.h **** /* Fallback for __has_builtin */
  35:Drivers/CMSIS/Include/cmsis_gcc.h **** #ifndef __has_builtin
  36:Drivers/CMSIS/Include/cmsis_gcc.h ****   #define __has_builtin(x) (0)
ARM GAS  /var/folders/x0/qrp3r5317y18246dwl6ly7b40000gn/T//ccaL3opp.s 			page 8


  37:Drivers/CMSIS/Include/cmsis_gcc.h **** #endif
  38:Drivers/CMSIS/Include/cmsis_gcc.h **** 
  39:Drivers/CMSIS/Include/cmsis_gcc.h **** /* CMSIS compiler specific defines */
  40:Drivers/CMSIS/Include/cmsis_gcc.h **** #ifndef   __ASM
  41:Drivers/CMSIS/Include/cmsis_gcc.h ****   #define __ASM                                  __asm
  42:Drivers/CMSIS/Include/cmsis_gcc.h **** #endif
  43:Drivers/CMSIS/Include/cmsis_gcc.h **** #ifndef   __INLINE
  44:Drivers/CMSIS/Include/cmsis_gcc.h ****   #define __INLINE                               inline
  45:Drivers/CMSIS/Include/cmsis_gcc.h **** #endif
  46:Drivers/CMSIS/Include/cmsis_gcc.h **** #ifndef   __STATIC_INLINE
  47:Drivers/CMSIS/Include/cmsis_gcc.h ****   #define __STATIC_INLINE                        static inline
  48:Drivers/CMSIS/Include/cmsis_gcc.h **** #endif
  49:Drivers/CMSIS/Include/cmsis_gcc.h **** #ifndef   __STATIC_FORCEINLINE                 
  50:Drivers/CMSIS/Include/cmsis_gcc.h ****   #define __STATIC_FORCEINLINE                   __attribute__((always_inline)) static inline
  51:Drivers/CMSIS/Include/cmsis_gcc.h **** #endif                                           
  52:Drivers/CMSIS/Include/cmsis_gcc.h **** #ifndef   __NO_RETURN
  53:Drivers/CMSIS/Include/cmsis_gcc.h ****   #define __NO_RETURN                            __attribute__((__noreturn__))
  54:Drivers/CMSIS/Include/cmsis_gcc.h **** #endif
  55:Drivers/CMSIS/Include/cmsis_gcc.h **** #ifndef   __USED
  56:Drivers/CMSIS/Include/cmsis_gcc.h ****   #define __USED                                 __attribute__((used))
  57:Drivers/CMSIS/Include/cmsis_gcc.h **** #endif
  58:Drivers/CMSIS/Include/cmsis_gcc.h **** #ifndef   __WEAK
  59:Drivers/CMSIS/Include/cmsis_gcc.h ****   #define __WEAK                                 __attribute__((weak))
  60:Drivers/CMSIS/Include/cmsis_gcc.h **** #endif
  61:Drivers/CMSIS/Include/cmsis_gcc.h **** #ifndef   __PACKED
  62:Drivers/CMSIS/Include/cmsis_gcc.h ****   #define __PACKED                               __attribute__((packed, aligned(1)))
  63:Drivers/CMSIS/Include/cmsis_gcc.h **** #endif
  64:Drivers/CMSIS/Include/cmsis_gcc.h **** #ifndef   __PACKED_STRUCT
  65:Drivers/CMSIS/Include/cmsis_gcc.h ****   #define __PACKED_STRUCT                        struct __attribute__((packed, aligned(1)))
  66:Drivers/CMSIS/Include/cmsis_gcc.h **** #endif
  67:Drivers/CMSIS/Include/cmsis_gcc.h **** #ifndef   __PACKED_UNION
  68:Drivers/CMSIS/Include/cmsis_gcc.h ****   #define __PACKED_UNION                         union __attribute__((packed, aligned(1)))
  69:Drivers/CMSIS/Include/cmsis_gcc.h **** #endif
  70:Drivers/CMSIS/Include/cmsis_gcc.h **** #ifndef   __UNALIGNED_UINT32        /* deprecated */
  71:Drivers/CMSIS/Include/cmsis_gcc.h ****   #pragma GCC diagnostic push
  72:Drivers/CMSIS/Include/cmsis_gcc.h ****   #pragma GCC diagnostic ignored "-Wpacked"
  73:Drivers/CMSIS/Include/cmsis_gcc.h ****   #pragma GCC diagnostic ignored "-Wattributes"
  74:Drivers/CMSIS/Include/cmsis_gcc.h ****   struct __attribute__((packed)) T_UINT32 { uint32_t v; };
  75:Drivers/CMSIS/Include/cmsis_gcc.h ****   #pragma GCC diagnostic pop
  76:Drivers/CMSIS/Include/cmsis_gcc.h ****   #define __UNALIGNED_UINT32(x)                  (((struct T_UINT32 *)(x))->v)
  77:Drivers/CMSIS/Include/cmsis_gcc.h **** #endif
  78:Drivers/CMSIS/Include/cmsis_gcc.h **** #ifndef   __UNALIGNED_UINT16_WRITE
  79:Drivers/CMSIS/Include/cmsis_gcc.h ****   #pragma GCC diagnostic push
  80:Drivers/CMSIS/Include/cmsis_gcc.h ****   #pragma GCC diagnostic ignored "-Wpacked"
  81:Drivers/CMSIS/Include/cmsis_gcc.h ****   #pragma GCC diagnostic ignored "-Wattributes"
  82:Drivers/CMSIS/Include/cmsis_gcc.h ****   __PACKED_STRUCT T_UINT16_WRITE { uint16_t v; };
  83:Drivers/CMSIS/Include/cmsis_gcc.h ****   #pragma GCC diagnostic pop
  84:Drivers/CMSIS/Include/cmsis_gcc.h ****   #define __UNALIGNED_UINT16_WRITE(addr, val)    (void)((((struct T_UINT16_WRITE *)(void *)(addr))-
  85:Drivers/CMSIS/Include/cmsis_gcc.h **** #endif
  86:Drivers/CMSIS/Include/cmsis_gcc.h **** #ifndef   __UNALIGNED_UINT16_READ
  87:Drivers/CMSIS/Include/cmsis_gcc.h ****   #pragma GCC diagnostic push
  88:Drivers/CMSIS/Include/cmsis_gcc.h ****   #pragma GCC diagnostic ignored "-Wpacked"
  89:Drivers/CMSIS/Include/cmsis_gcc.h ****   #pragma GCC diagnostic ignored "-Wattributes"
  90:Drivers/CMSIS/Include/cmsis_gcc.h ****   __PACKED_STRUCT T_UINT16_READ { uint16_t v; };
  91:Drivers/CMSIS/Include/cmsis_gcc.h ****   #pragma GCC diagnostic pop
  92:Drivers/CMSIS/Include/cmsis_gcc.h ****   #define __UNALIGNED_UINT16_READ(addr)          (((const struct T_UINT16_READ *)(const void *)(add
  93:Drivers/CMSIS/Include/cmsis_gcc.h **** #endif
ARM GAS  /var/folders/x0/qrp3r5317y18246dwl6ly7b40000gn/T//ccaL3opp.s 			page 9


  94:Drivers/CMSIS/Include/cmsis_gcc.h **** #ifndef   __UNALIGNED_UINT32_WRITE
  95:Drivers/CMSIS/Include/cmsis_gcc.h ****   #pragma GCC diagnostic push
  96:Drivers/CMSIS/Include/cmsis_gcc.h ****   #pragma GCC diagnostic ignored "-Wpacked"
  97:Drivers/CMSIS/Include/cmsis_gcc.h ****   #pragma GCC diagnostic ignored "-Wattributes"
  98:Drivers/CMSIS/Include/cmsis_gcc.h ****   __PACKED_STRUCT T_UINT32_WRITE { uint32_t v; };
  99:Drivers/CMSIS/Include/cmsis_gcc.h ****   #pragma GCC diagnostic pop
 100:Drivers/CMSIS/Include/cmsis_gcc.h ****   #define __UNALIGNED_UINT32_WRITE(addr, val)    (void)((((struct T_UINT32_WRITE *)(void *)(addr))-
 101:Drivers/CMSIS/Include/cmsis_gcc.h **** #endif
 102:Drivers/CMSIS/Include/cmsis_gcc.h **** #ifndef   __UNALIGNED_UINT32_READ
 103:Drivers/CMSIS/Include/cmsis_gcc.h ****   #pragma GCC diagnostic push
 104:Drivers/CMSIS/Include/cmsis_gcc.h ****   #pragma GCC diagnostic ignored "-Wpacked"
 105:Drivers/CMSIS/Include/cmsis_gcc.h ****   #pragma GCC diagnostic ignored "-Wattributes"
 106:Drivers/CMSIS/Include/cmsis_gcc.h ****   __PACKED_STRUCT T_UINT32_READ { uint32_t v; };
 107:Drivers/CMSIS/Include/cmsis_gcc.h ****   #pragma GCC diagnostic pop
 108:Drivers/CMSIS/Include/cmsis_gcc.h ****   #define __UNALIGNED_UINT32_READ(addr)          (((const struct T_UINT32_READ *)(const void *)(add
 109:Drivers/CMSIS/Include/cmsis_gcc.h **** #endif
 110:Drivers/CMSIS/Include/cmsis_gcc.h **** #ifndef   __ALIGNED
 111:Drivers/CMSIS/Include/cmsis_gcc.h ****   #define __ALIGNED(x)                           __attribute__((aligned(x)))
 112:Drivers/CMSIS/Include/cmsis_gcc.h **** #endif
 113:Drivers/CMSIS/Include/cmsis_gcc.h **** #ifndef   __RESTRICT
 114:Drivers/CMSIS/Include/cmsis_gcc.h ****   #define __RESTRICT                             __restrict
 115:Drivers/CMSIS/Include/cmsis_gcc.h **** #endif
 116:Drivers/CMSIS/Include/cmsis_gcc.h **** 
 117:Drivers/CMSIS/Include/cmsis_gcc.h **** 
 118:Drivers/CMSIS/Include/cmsis_gcc.h **** /* ###########################  Core Function Access  ########################### */
 119:Drivers/CMSIS/Include/cmsis_gcc.h **** /** \ingroup  CMSIS_Core_FunctionInterface
 120:Drivers/CMSIS/Include/cmsis_gcc.h ****     \defgroup CMSIS_Core_RegAccFunctions CMSIS Core Register Access Functions
 121:Drivers/CMSIS/Include/cmsis_gcc.h ****   @{
 122:Drivers/CMSIS/Include/cmsis_gcc.h ****  */
 123:Drivers/CMSIS/Include/cmsis_gcc.h **** 
 124:Drivers/CMSIS/Include/cmsis_gcc.h **** /**
 125:Drivers/CMSIS/Include/cmsis_gcc.h ****   \brief   Enable IRQ Interrupts
 126:Drivers/CMSIS/Include/cmsis_gcc.h ****   \details Enables IRQ interrupts by clearing the I-bit in the CPSR.
 127:Drivers/CMSIS/Include/cmsis_gcc.h ****            Can only be executed in Privileged modes.
 128:Drivers/CMSIS/Include/cmsis_gcc.h ****  */
 129:Drivers/CMSIS/Include/cmsis_gcc.h **** __STATIC_FORCEINLINE void __enable_irq(void)
 130:Drivers/CMSIS/Include/cmsis_gcc.h **** {
 131:Drivers/CMSIS/Include/cmsis_gcc.h ****   __ASM volatile ("cpsie i" : : : "memory");
 132:Drivers/CMSIS/Include/cmsis_gcc.h **** }
 133:Drivers/CMSIS/Include/cmsis_gcc.h **** 
 134:Drivers/CMSIS/Include/cmsis_gcc.h **** 
 135:Drivers/CMSIS/Include/cmsis_gcc.h **** /**
 136:Drivers/CMSIS/Include/cmsis_gcc.h ****   \brief   Disable IRQ Interrupts
 137:Drivers/CMSIS/Include/cmsis_gcc.h ****   \details Disables IRQ interrupts by setting the I-bit in the CPSR.
 138:Drivers/CMSIS/Include/cmsis_gcc.h ****            Can only be executed in Privileged modes.
 139:Drivers/CMSIS/Include/cmsis_gcc.h ****  */
 140:Drivers/CMSIS/Include/cmsis_gcc.h **** __STATIC_FORCEINLINE void __disable_irq(void)
 155              		.loc 2 140 27 view .LVU34
 156              	.LBB8:
 141:Drivers/CMSIS/Include/cmsis_gcc.h **** {
 142:Drivers/CMSIS/Include/cmsis_gcc.h ****   __ASM volatile ("cpsid i" : : : "memory");
 157              		.loc 2 142 3 view .LVU35
 158              		.syntax divided
 159              	@ 142 "Drivers/CMSIS/Include/cmsis_gcc.h" 1
 160 0000 72B6     		cpsid i
 161              	@ 0 "" 2
 162              		.thumb
ARM GAS  /var/folders/x0/qrp3r5317y18246dwl6ly7b40000gn/T//ccaL3opp.s 			page 10


 163              		.syntax unified
 164              	.L5:
 165              	.LBE8:
 166              	.LBE7:
 213:Core/Src/main.c ****   while (1)
 167              		.loc 1 213 3 view .LVU36
 214:Core/Src/main.c ****   {
 215:Core/Src/main.c ****   }
 168              		.loc 1 215 3 view .LVU37
 213:Core/Src/main.c ****   while (1)
 169              		.loc 1 213 9 view .LVU38
 170 0002 FEE7     		b	.L5
 171              		.cfi_endproc
 172              	.LFE43:
 174              		.section	.text.SystemClock_Config,"ax",%progbits
 175              		.align	1
 176              		.global	SystemClock_Config
 177              		.syntax unified
 178              		.code	16
 179              		.thumb_func
 181              	SystemClock_Config:
 182              	.LFB41:
 131:Core/Src/main.c ****   RCC_OscInitTypeDef RCC_OscInitStruct = {0};
 183              		.loc 1 131 1 view -0
 184              		.cfi_startproc
 185              		@ args = 0, pretend = 0, frame = 64
 186              		@ frame_needed = 0, uses_anonymous_args = 0
 187 0000 00B5     		push	{lr}
 188              	.LCFI2:
 189              		.cfi_def_cfa_offset 4
 190              		.cfi_offset 14, -4
 191 0002 91B0     		sub	sp, sp, #68
 192              	.LCFI3:
 193              		.cfi_def_cfa_offset 72
 132:Core/Src/main.c ****   RCC_ClkInitTypeDef RCC_ClkInitStruct = {0};
 194              		.loc 1 132 3 view .LVU40
 132:Core/Src/main.c ****   RCC_ClkInitTypeDef RCC_ClkInitStruct = {0};
 195              		.loc 1 132 22 is_stmt 0 view .LVU41
 196 0004 3022     		movs	r2, #48
 197 0006 0021     		movs	r1, #0
 198 0008 04A8     		add	r0, sp, #16
 199 000a FFF7FEFF 		bl	memset
 200              	.LVL3:
 133:Core/Src/main.c **** 
 201              		.loc 1 133 3 is_stmt 1 view .LVU42
 133:Core/Src/main.c **** 
 202              		.loc 1 133 22 is_stmt 0 view .LVU43
 203 000e 1022     		movs	r2, #16
 204 0010 0021     		movs	r1, #0
 205 0012 6846     		mov	r0, sp
 206 0014 FFF7FEFF 		bl	memset
 207              	.LVL4:
 138:Core/Src/main.c ****   RCC_OscInitStruct.HSIState = RCC_HSI_ON;
 208              		.loc 1 138 3 is_stmt 1 view .LVU44
 138:Core/Src/main.c ****   RCC_OscInitStruct.HSIState = RCC_HSI_ON;
 209              		.loc 1 138 36 is_stmt 0 view .LVU45
 210 0018 0223     		movs	r3, #2
ARM GAS  /var/folders/x0/qrp3r5317y18246dwl6ly7b40000gn/T//ccaL3opp.s 			page 11


 211 001a 0493     		str	r3, [sp, #16]
 139:Core/Src/main.c ****   RCC_OscInitStruct.HSICalibrationValue = RCC_HSICALIBRATION_DEFAULT;
 212              		.loc 1 139 3 is_stmt 1 view .LVU46
 139:Core/Src/main.c ****   RCC_OscInitStruct.HSICalibrationValue = RCC_HSICALIBRATION_DEFAULT;
 213              		.loc 1 139 30 is_stmt 0 view .LVU47
 214 001c 0122     		movs	r2, #1
 215 001e 0792     		str	r2, [sp, #28]
 140:Core/Src/main.c ****   RCC_OscInitStruct.PLL.PLLState = RCC_PLL_ON;
 216              		.loc 1 140 3 is_stmt 1 view .LVU48
 140:Core/Src/main.c ****   RCC_OscInitStruct.PLL.PLLState = RCC_PLL_ON;
 217              		.loc 1 140 41 is_stmt 0 view .LVU49
 218 0020 0F32     		adds	r2, r2, #15
 219 0022 0892     		str	r2, [sp, #32]
 141:Core/Src/main.c ****   RCC_OscInitStruct.PLL.PLLSource = RCC_PLLSOURCE_HSI;
 220              		.loc 1 141 3 is_stmt 1 view .LVU50
 141:Core/Src/main.c ****   RCC_OscInitStruct.PLL.PLLSource = RCC_PLLSOURCE_HSI;
 221              		.loc 1 141 34 is_stmt 0 view .LVU51
 222 0024 0C93     		str	r3, [sp, #48]
 142:Core/Src/main.c ****   RCC_OscInitStruct.PLL.PLLMUL = RCC_PLL_MUL12;
 223              		.loc 1 142 3 is_stmt 1 view .LVU52
 143:Core/Src/main.c ****   RCC_OscInitStruct.PLL.PREDIV = RCC_PREDIV_DIV1;
 224              		.loc 1 143 3 view .LVU53
 143:Core/Src/main.c ****   RCC_OscInitStruct.PLL.PREDIV = RCC_PREDIV_DIV1;
 225              		.loc 1 143 32 is_stmt 0 view .LVU54
 226 0026 A023     		movs	r3, #160
 227 0028 9B03     		lsls	r3, r3, #14
 228 002a 0E93     		str	r3, [sp, #56]
 144:Core/Src/main.c ****   if (HAL_RCC_OscConfig(&RCC_OscInitStruct) != HAL_OK)
 229              		.loc 1 144 3 is_stmt 1 view .LVU55
 145:Core/Src/main.c ****   {
 230              		.loc 1 145 3 view .LVU56
 145:Core/Src/main.c ****   {
 231              		.loc 1 145 7 is_stmt 0 view .LVU57
 232 002c 04A8     		add	r0, sp, #16
 233 002e FFF7FEFF 		bl	HAL_RCC_OscConfig
 234              	.LVL5:
 145:Core/Src/main.c ****   {
 235              		.loc 1 145 6 discriminator 1 view .LVU58
 236 0032 0028     		cmp	r0, #0
 237 0034 0ED1     		bne	.L9
 152:Core/Src/main.c ****                               |RCC_CLOCKTYPE_PCLK1;
 238              		.loc 1 152 3 is_stmt 1 view .LVU59
 152:Core/Src/main.c ****                               |RCC_CLOCKTYPE_PCLK1;
 239              		.loc 1 152 31 is_stmt 0 view .LVU60
 240 0036 0723     		movs	r3, #7
 241 0038 0093     		str	r3, [sp]
 154:Core/Src/main.c ****   RCC_ClkInitStruct.AHBCLKDivider = RCC_SYSCLK_DIV1;
 242              		.loc 1 154 3 is_stmt 1 view .LVU61
 154:Core/Src/main.c ****   RCC_ClkInitStruct.AHBCLKDivider = RCC_SYSCLK_DIV1;
 243              		.loc 1 154 34 is_stmt 0 view .LVU62
 244 003a 053B     		subs	r3, r3, #5
 245 003c 0193     		str	r3, [sp, #4]
 155:Core/Src/main.c ****   RCC_ClkInitStruct.APB1CLKDivider = RCC_HCLK_DIV1;
 246              		.loc 1 155 3 is_stmt 1 view .LVU63
 155:Core/Src/main.c ****   RCC_ClkInitStruct.APB1CLKDivider = RCC_HCLK_DIV1;
 247              		.loc 1 155 35 is_stmt 0 view .LVU64
 248 003e 0023     		movs	r3, #0
ARM GAS  /var/folders/x0/qrp3r5317y18246dwl6ly7b40000gn/T//ccaL3opp.s 			page 12


 249 0040 0293     		str	r3, [sp, #8]
 156:Core/Src/main.c **** 
 250              		.loc 1 156 3 is_stmt 1 view .LVU65
 156:Core/Src/main.c **** 
 251              		.loc 1 156 36 is_stmt 0 view .LVU66
 252 0042 0393     		str	r3, [sp, #12]
 158:Core/Src/main.c ****   {
 253              		.loc 1 158 3 is_stmt 1 view .LVU67
 158:Core/Src/main.c ****   {
 254              		.loc 1 158 7 is_stmt 0 view .LVU68
 255 0044 0121     		movs	r1, #1
 256 0046 6846     		mov	r0, sp
 257 0048 FFF7FEFF 		bl	HAL_RCC_ClockConfig
 258              	.LVL6:
 158:Core/Src/main.c ****   {
 259              		.loc 1 158 6 discriminator 1 view .LVU69
 260 004c 0028     		cmp	r0, #0
 261 004e 03D1     		bne	.L10
 162:Core/Src/main.c **** 
 262              		.loc 1 162 1 view .LVU70
 263 0050 11B0     		add	sp, sp, #68
 264              		@ sp needed
 265 0052 00BD     		pop	{pc}
 266              	.L9:
 147:Core/Src/main.c ****   }
 267              		.loc 1 147 5 is_stmt 1 view .LVU71
 268 0054 FFF7FEFF 		bl	Error_Handler
 269              	.LVL7:
 270              	.L10:
 160:Core/Src/main.c ****   }
 271              		.loc 1 160 5 view .LVU72
 272 0058 FFF7FEFF 		bl	Error_Handler
 273              	.LVL8:
 274              		.cfi_endproc
 275              	.LFE41:
 277              		.section	.text.main,"ax",%progbits
 278              		.align	1
 279              		.global	main
 280              		.syntax unified
 281              		.code	16
 282              		.thumb_func
 284              	main:
 285              	.LFB40:
  68:Core/Src/main.c **** 
 286              		.loc 1 68 1 view -0
 287              		.cfi_startproc
 288              		@ args = 0, pretend = 0, frame = 0
 289              		@ frame_needed = 0, uses_anonymous_args = 0
 290 0000 10B5     		push	{r4, lr}
 291              	.LCFI4:
 292              		.cfi_def_cfa_offset 8
 293              		.cfi_offset 4, -8
 294              		.cfi_offset 14, -4
  77:Core/Src/main.c **** 
 295              		.loc 1 77 3 view .LVU74
 296 0002 FFF7FEFF 		bl	HAL_Init
 297              	.LVL9:
ARM GAS  /var/folders/x0/qrp3r5317y18246dwl6ly7b40000gn/T//ccaL3opp.s 			page 13


  84:Core/Src/main.c **** 
 298              		.loc 1 84 3 view .LVU75
 299 0006 FFF7FEFF 		bl	SystemClock_Config
 300              	.LVL10:
  91:Core/Src/main.c ****   /* USER CODE BEGIN 2 */
 301              		.loc 1 91 3 view .LVU76
 302 000a FFF7FEFF 		bl	MX_GPIO_Init
 303              	.LVL11:
 105:Core/Src/main.c **** 
 304              		.loc 1 105 6 view .LVU77
 305              	.L12:
 105:Core/Src/main.c **** 
 306              		.loc 1 105 48 discriminator 1 view .LVU78
 105:Core/Src/main.c **** 
 307              		.loc 1 105 12 is_stmt 0 discriminator 1 view .LVU79
 308 000e 9020     		movs	r0, #144
 309 0010 0121     		movs	r1, #1
 310 0012 C005     		lsls	r0, r0, #23
 311 0014 FFF7FEFF 		bl	HAL_GPIO_ReadPin
 312              	.LVL12:
 105:Core/Src/main.c **** 
 313              		.loc 1 105 48 discriminator 1 view .LVU80
 314 0018 0028     		cmp	r0, #0
 315 001a F8D0     		beq	.L12
 108:Core/Src/main.c **** 
 316              		.loc 1 108 5 is_stmt 1 view .LVU81
 108:Core/Src/main.c **** 
 317              		.loc 1 108 10 is_stmt 0 view .LVU82
 318 001c 034A     		ldr	r2, .L13
 319 001e 5369     		ldr	r3, [r2, #20]
 108:Core/Src/main.c **** 
 320              		.loc 1 108 16 view .LVU83
 321 0020 0121     		movs	r1, #1
 322 0022 0B43     		orrs	r3, r1
 323 0024 5361     		str	r3, [r2, #20]
 124:Core/Src/main.c **** 
 324              		.loc 1 124 1 view .LVU84
 325 0026 0020     		movs	r0, #0
 326              		@ sp needed
 327 0028 10BD     		pop	{r4, pc}
 328              	.L14:
 329 002a C046     		.align	2
 330              	.L13:
 331 002c 00040048 		.word	1207960576
 332              		.cfi_endproc
 333              	.LFE40:
 335              		.text
 336              	.Letext0:
 337              		.file 3 "/Applications/STM32CubeIDE.app/Contents/Eclipse/plugins/com.st.stm32cube.ide.mcu.external
 338              		.file 4 "/Applications/STM32CubeIDE.app/Contents/Eclipse/plugins/com.st.stm32cube.ide.mcu.external
 339              		.file 5 "Drivers/CMSIS/Device/ST/STM32F0xx/Include/stm32f051x8.h"
 340              		.file 6 "Drivers/STM32F0xx_HAL_Driver/Inc/stm32f0xx_hal_def.h"
 341              		.file 7 "Drivers/STM32F0xx_HAL_Driver/Inc/stm32f0xx_hal_rcc.h"
 342              		.file 8 "Drivers/STM32F0xx_HAL_Driver/Inc/stm32f0xx_hal_gpio.h"
 343              		.file 9 "Drivers/STM32F0xx_HAL_Driver/Inc/stm32f0xx_hal.h"
 344              		.file 10 "<built-in>"
ARM GAS  /var/folders/x0/qrp3r5317y18246dwl6ly7b40000gn/T//ccaL3opp.s 			page 14


DEFINED SYMBOLS
                            *ABS*:00000000 main.c
/var/folders/x0/qrp3r5317y18246dwl6ly7b40000gn/T//ccaL3opp.s:19     .text.MX_GPIO_Init:00000000 $t
/var/folders/x0/qrp3r5317y18246dwl6ly7b40000gn/T//ccaL3opp.s:24     .text.MX_GPIO_Init:00000000 MX_GPIO_Init
/var/folders/x0/qrp3r5317y18246dwl6ly7b40000gn/T//ccaL3opp.s:131    .text.MX_GPIO_Init:0000006c $d
/var/folders/x0/qrp3r5317y18246dwl6ly7b40000gn/T//ccaL3opp.s:137    .text.Error_Handler:00000000 $t
/var/folders/x0/qrp3r5317y18246dwl6ly7b40000gn/T//ccaL3opp.s:143    .text.Error_Handler:00000000 Error_Handler
/var/folders/x0/qrp3r5317y18246dwl6ly7b40000gn/T//ccaL3opp.s:175    .text.SystemClock_Config:00000000 $t
/var/folders/x0/qrp3r5317y18246dwl6ly7b40000gn/T//ccaL3opp.s:181    .text.SystemClock_Config:00000000 SystemClock_Config
/var/folders/x0/qrp3r5317y18246dwl6ly7b40000gn/T//ccaL3opp.s:278    .text.main:00000000 $t
/var/folders/x0/qrp3r5317y18246dwl6ly7b40000gn/T//ccaL3opp.s:284    .text.main:00000000 main
/var/folders/x0/qrp3r5317y18246dwl6ly7b40000gn/T//ccaL3opp.s:331    .text.main:0000002c $d

UNDEFINED SYMBOLS
memset
HAL_GPIO_WritePin
HAL_GPIO_Init
HAL_RCC_OscConfig
HAL_RCC_ClockConfig
HAL_Init
HAL_GPIO_ReadPin
